../Core/Src/main.c:106:5:main	48	static
../Core/Src/main.c:208:6:SystemClock_Config	104	static
../Core/Src/main.c:254:13:MX_I2C1_Init	8	static
../Core/Src/main.c:302:13:MX_USART2_UART_Init	8	static
../Core/Src/main.c:335:13:MX_DMA_Init	16	static
../Core/Src/main.c:353:13:MX_GPIO_Init	56	static
../Core/Src/main.c:382:6:pause_sec	32	static
../Core/Src/main.c:397:9:decToBcd	24	static
../Core/Src/main.c:406:5:bcdToDec	16	static
../Core/Src/main.c:417:6:setTime	48	static
../Core/Src/main.c:449:6:getTime	32	static
../Core/Src/main.c:475:5:is_leap_year	16	static
../Core/Src/main.c:481:5:epochFromTime	48	static
../Core/Src/main.c:536:6:Error_Handler	8	static,ignoring_inline_asm
