../Core/Src/main.c:88:5:main	24	static
../Core/Src/main.c:176:6:SystemClock_Config	80	static
../Core/Src/main.c:217:13:MX_ADC_Init	24	static
../Core/Src/main.c:271:13:MX_TIM3_Init	64	static
../Core/Src/main.c:330:13:MX_USART2_UART_Init	8	static
../Core/Src/main.c:363:13:MX_DMA_Init	16	static
../Core/Src/main.c:384:13:MX_GPIO_Init	56	static
../Core/Src/main.c:425:6:EXTI0_1_IRQHandler	8	static
../Core/Src/main.c:443:10:pollADC	16	static
../Core/Src/main.c:459:10:ADCtoCRR	24	static
../Core/Src/main.c:483:6:Error_Handler	8	static,ignoring_inline_asm
